Archive member included to satisfy reference by file (symbol)

c:/program files (x86)/gnu tools arm embedded/6 2017-q2-update/bin/../lib/gcc/arm-none-eabi/6.3.1/../../../../arm-none-eabi/lib/thumb/v7e-m\libg_nano.a(lib_a-errno.o)
                              ./system/src/newlib/_sbrk.o (__errno)
c:/program files (x86)/gnu tools arm embedded/6 2017-q2-update/bin/../lib/gcc/arm-none-eabi/6.3.1/../../../../arm-none-eabi/lib/thumb/v7e-m\libg_nano.a(lib_a-impure.o)
                              c:/program files (x86)/gnu tools arm embedded/6 2017-q2-update/bin/../lib/gcc/arm-none-eabi/6.3.1/../../../../arm-none-eabi/lib/thumb/v7e-m\libg_nano.a(lib_a-errno.o) (_impure_ptr)
c:/program files (x86)/gnu tools arm embedded/6 2017-q2-update/bin/../lib/gcc/arm-none-eabi/6.3.1/../../../../arm-none-eabi/lib/thumb/v7e-m\libg_nano.a(lib_a-strlen.o)
                              ./system/src/diag/Trace.o (strlen)
c:/program files (x86)/gnu tools arm embedded/6 2017-q2-update/bin/../lib/gcc/arm-none-eabi/6.3.1/../../../../arm-none-eabi/lib/thumb/v7e-m\libg_nano.a(lib_a-vsnprintf.o)
                              ./system/src/diag/Trace.o (vsnprintf)
c:/program files (x86)/gnu tools arm embedded/6 2017-q2-update/bin/../lib/gcc/arm-none-eabi/6.3.1/../../../../arm-none-eabi/lib/thumb/v7e-m\libg_nano.a(lib_a-nano-svfprintf.o)
                              c:/program files (x86)/gnu tools arm embedded/6 2017-q2-update/bin/../lib/gcc/arm-none-eabi/6.3.1/../../../../arm-none-eabi/lib/thumb/v7e-m\libg_nano.a(lib_a-vsnprintf.o) (_svfprintf_r)
c:/program files (x86)/gnu tools arm embedded/6 2017-q2-update/bin/../lib/gcc/arm-none-eabi/6.3.1/../../../../arm-none-eabi/lib/thumb/v7e-m\libg_nano.a(lib_a-nano-vfprintf_i.o)
                              c:/program files (x86)/gnu tools arm embedded/6 2017-q2-update/bin/../lib/gcc/arm-none-eabi/6.3.1/../../../../arm-none-eabi/lib/thumb/v7e-m\libg_nano.a(lib_a-nano-svfprintf.o) (_printf_i)
c:/program files (x86)/gnu tools arm embedded/6 2017-q2-update/bin/../lib/gcc/arm-none-eabi/6.3.1/../../../../arm-none-eabi/lib/thumb/v7e-m\libg_nano.a(lib_a-memchr.o)
                              c:/program files (x86)/gnu tools arm embedded/6 2017-q2-update/bin/../lib/gcc/arm-none-eabi/6.3.1/../../../../arm-none-eabi/lib/thumb/v7e-m\libg_nano.a(lib_a-nano-svfprintf.o) (memchr)
c:/program files (x86)/gnu tools arm embedded/6 2017-q2-update/bin/../lib/gcc/arm-none-eabi/6.3.1/../../../../arm-none-eabi/lib/thumb/v7e-m\libg_nano.a(lib_a-memcpy-stub.o)
                              c:/program files (x86)/gnu tools arm embedded/6 2017-q2-update/bin/../lib/gcc/arm-none-eabi/6.3.1/../../../../arm-none-eabi/lib/thumb/v7e-m\libg_nano.a(lib_a-nano-svfprintf.o) (memcpy)
c:/program files (x86)/gnu tools arm embedded/6 2017-q2-update/bin/../lib/gcc/arm-none-eabi/6.3.1/../../../../arm-none-eabi/lib/thumb/v7e-m\libg_nano.a(lib_a-memmove.o)
                              c:/program files (x86)/gnu tools arm embedded/6 2017-q2-update/bin/../lib/gcc/arm-none-eabi/6.3.1/../../../../arm-none-eabi/lib/thumb/v7e-m\libg_nano.a(lib_a-nano-svfprintf.o) (memmove)
c:/program files (x86)/gnu tools arm embedded/6 2017-q2-update/bin/../lib/gcc/arm-none-eabi/6.3.1/../../../../arm-none-eabi/lib/thumb/v7e-m\libg_nano.a(lib_a-nano-freer.o)
                              c:/program files (x86)/gnu tools arm embedded/6 2017-q2-update/bin/../lib/gcc/arm-none-eabi/6.3.1/../../../../arm-none-eabi/lib/thumb/v7e-m\libg_nano.a(lib_a-nano-svfprintf.o) (_free_r)
c:/program files (x86)/gnu tools arm embedded/6 2017-q2-update/bin/../lib/gcc/arm-none-eabi/6.3.1/../../../../arm-none-eabi/lib/thumb/v7e-m\libg_nano.a(lib_a-nano-mallocr.o)
                              c:/program files (x86)/gnu tools arm embedded/6 2017-q2-update/bin/../lib/gcc/arm-none-eabi/6.3.1/../../../../arm-none-eabi/lib/thumb/v7e-m\libg_nano.a(lib_a-nano-svfprintf.o) (_malloc_r)
c:/program files (x86)/gnu tools arm embedded/6 2017-q2-update/bin/../lib/gcc/arm-none-eabi/6.3.1/../../../../arm-none-eabi/lib/thumb/v7e-m\libg_nano.a(lib_a-nano-reallocr.o)
                              c:/program files (x86)/gnu tools arm embedded/6 2017-q2-update/bin/../lib/gcc/arm-none-eabi/6.3.1/../../../../arm-none-eabi/lib/thumb/v7e-m\libg_nano.a(lib_a-nano-svfprintf.o) (_realloc_r)
c:/program files (x86)/gnu tools arm embedded/6 2017-q2-update/bin/../lib/gcc/arm-none-eabi/6.3.1/../../../../arm-none-eabi/lib/thumb/v7e-m\libg_nano.a(lib_a-sbrkr.o)
                              c:/program files (x86)/gnu tools arm embedded/6 2017-q2-update/bin/../lib/gcc/arm-none-eabi/6.3.1/../../../../arm-none-eabi/lib/thumb/v7e-m\libg_nano.a(lib_a-nano-mallocr.o) (_sbrk_r)
c:/program files (x86)/gnu tools arm embedded/6 2017-q2-update/bin/../lib/gcc/arm-none-eabi/6.3.1/../../../../arm-none-eabi/lib/thumb/v7e-m\libg_nano.a(lib_a-mlock.o)
[...]
Memory Configuration

Name             Origin             Length             Attributes
RAM              0x20000000         0x00020000         xrw
CCMRAM           0x10000000         0x00010000         xrw
FLASH            0x08000000         0x00080000         xr
FLASHB1          0x00000000         0x00000000         xr
EXTMEMB0         0x00000000         0x00000000         xr
EXTMEMB1         0x00000000         0x00000000         xr
EXTMEMB2         0x00000000         0x00000000         xr
EXTMEMB3         0x00000000         0x00000000         xr
MEMORY_ARRAY     0x20002000         0x00000020         xrw
*default*        0x00000000         0xffffffff

Linker script and memory map

LOAD ./system/src/stm32f4-hal/stm32f4xx_hal.o
LOAD ./system/src/stm32f4-hal/stm32f4xx_hal_cortex.o
LOAD ./system/src/stm32f4-hal/stm32f4xx_hal_dfsdm.o
LOAD ./system/src/stm32f4-hal/stm32f4xx_hal_flash.o
LOAD ./system/src/stm32f4-hal/stm32f4xx_hal_gpio.o
LOAD ./system/src/stm32f4-hal/stm32f4xx_hal_iwdg.o
LOAD ./system/src/stm32f4-hal/stm32f4xx_hal_pwr.o
LOAD ./system/src/stm32f4-hal/stm32f4xx_hal_rcc.o
LOAD ./system/src/newlib/_cxx.o
LOAD ./system/src/newlib/_exit.o
LOAD ./system/src/newlib/_sbrk.o
LOAD ./system/src/newlib/_startup.o
LOAD ./system/src/newlib/_syscalls.o
LOAD ./system/src/newlib/assert.o
LOAD ./system/src/diag/Trace.o
LOAD ./system/src/diag/trace_impl.o
LOAD ./system/src/cortexm/_initialize_hardware.o
LOAD ./system/src/cortexm/_reset_hardware.o
LOAD ./system/src/cortexm/exception_handlers.o
LOAD ./system/src/cmsis/system_stm32f4xx.o
LOAD ./system/src/cmsis/vectors_stm32f411xe.o
LOAD ./src/_initialize_hardware.o
LOAD ./src/_write.o
LOAD ./src/main.o
LOAD ./src/stm32f4xx_hal_msp.o
LOAD c:/program files (x86)/gnu tools arm embedded/6 2017-q2-update/bin/../lib/gcc/arm-none-eabi/6.3.1/../../../../arm-none-eabi/lib/thumb/v7e-m\libstdc++_nano.a
LOAD c:/program files (x86)/gnu tools arm embedded/6 2017-q2-update/bin/../lib/gcc/arm-none-eabi/6.3.1/../../../../arm-none-eabi/lib/thumb/v7e-m\libm.a
START GROUP
LOAD c:/program files (x86)/gnu tools arm embedded/6 2017-q2-update/bin/../lib/gcc/arm-none-eabi/6.3.1/thumb/v7e-m\libgcc.a
LOAD c:/program files (x86)/gnu tools arm embedded/6 2017-q2-update/bin/../lib/gcc/arm-none-eabi/6.3.1/../../../../arm-none-eabi/lib/thumb/v7e-m\libg_nano.a
LOAD c:/program files (x86)/gnu tools arm embedded/6 2017-q2-update/bin/../lib/gcc/arm-none-eabi/6.3.1/../../../../arm-none-eabi/lib/thumb/v7e-m\libc_nano.a
END GROUP
START GROUP
LOAD c:/program files (x86)/gnu tools arm embedded/6 2017-q2-update/bin/../lib/gcc/arm-none-eabi/6.3.1/thumb/v7e-m\libgcc.a
LOAD c:/program files (x86)/gnu tools arm embedded/6 2017-q2-update/bin/../lib/gcc/arm-none-eabi/6.3.1/../../../../arm-none-eabi/lib/thumb/v7e-m\libc_nano.a
END GROUP
                0x20020000                __stack = (ORIGIN (RAM) + LENGTH (RAM))
                0x20020000                _estack = __stack
                0x00000400                __Main_Stack_Size = 0x400
                [!provide]                PROVIDE (_Main_Stack_Size, __Main_Stack_Size)
                0x2001fc00                __Main_Stack_Limit = (__stack - __Main_Stack_Size)
                [!provide]                PROVIDE (_Main_Stack_Limit, __Main_Stack_Limit)
                0x00000100                _Minimum_Stack_Size = 0x100
                0x20000118                PROVIDE (_Heap_Begin, _end_noinit)
                0x2001fc00                PROVIDE (_Heap_Limit, (__stack - __Main_Stack_Size))

.isr_vector     0x08000000      0x3d0
 FILL mask 0xff
                0x08000000                __vectors_start = ABSOLUTE (.)
                0x08000000                __vectors_start__ = ABSOLUTE (.)
 *(.isr_vector)
 .isr_vector    0x08000000      0x198 ./system/src/cmsis/vectors_stm32f411xe.o
                0x08000000                __isr_vectors
 *(.cfmconfig)
 *(.after_vectors .after_vectors.*)
 .after_vectors
                0x08000198      0x130 ./system/src/newlib/_startup.o
                0x08000198                _start
 .after_vectors
                0x080002c8      0x104 ./system/src/cortexm/exception_handlers.o
                0x080002c8                Reset_Handler
                0x080002ce                NMI_Handler
                0x080002d2                HardFault_Handler
                0x080002e6                HardFault_Handler_C
                0x0800031c                MemManage_Handler
                0x08000320                BusFault_Handler
                0x08000334                BusFault_Handler_C
                0x08000368                UsageFault_Handler
                0x0800037c                UsageFault_Handler_C
                0x080003b0                SVC_Handler
                0x080003b4                DebugMon_Handler
                0x080003b8                PendSV_Handler
                0x080003bc                SysTick_Handler
 .after_vectors
                0x080003cc        0x4 ./system/src/cmsis/vectors_stm32f411xe.o
                0x080003cc                RTC_Alarm_IRQHandler
                0x080003cc                EXTI2_IRQHandler
                0x080003cc                SPI4_IRQHandler
                0x080003cc                TIM1_CC_IRQHandler
                0x080003cc                DMA2_Stream5_IRQHandler
                0x080003cc                DMA1_Stream5_IRQHandler
                0x080003cc                PVD_IRQHandler
                0x080003cc                SDIO_IRQHandler
                0x080003cc                TAMP_STAMP_IRQHandler
                0x080003cc                EXTI3_IRQHandler
                0x080003cc                TIM1_UP_TIM10_IRQHandler
                0x080003cc                I2C3_ER_IRQHandler
                0x080003cc                EXTI0_IRQHandler
                0x080003cc                I2C2_EV_IRQHandler
                0x080003cc                DMA1_Stream2_IRQHandler
                0x080003cc                FPU_IRQHandler
                0x080003cc                DMA2_Stream2_IRQHandler
                0x080003cc                SPI1_IRQHandler
                0x080003cc                TIM1_BRK_TIM9_IRQHandler
                0x080003cc                DMA2_Stream3_IRQHandler
                0x080003cc                USART6_IRQHandler
                0x080003cc                DMA2_Stream0_IRQHandler
                0x080003cc                TIM4_IRQHandler
                0x080003cc                I2C1_EV_IRQHandler
                0x080003cc                DMA1_Stream6_IRQHandler
                0x080003cc                DMA1_Stream1_IRQHandler
                0x080003cc                TIM3_IRQHandler
                0x080003cc                RCC_IRQHandler
                0x080003cc                Default_Handler
                0x080003cc                EXTI15_10_IRQHandler
                0x080003cc                ADC_IRQHandler
                0x080003cc                DMA1_Stream7_IRQHandler
                0x080003cc                SPI5_IRQHandler
                0x080003cc                TIM5_IRQHandler
                0x080003cc                DMA2_Stream7_IRQHandler
                0x080003cc                I2C3_EV_IRQHandler
                0x080003cc                EXTI9_5_IRQHandler
                0x080003cc                RTC_WKUP_IRQHandler
                0x080003cc                SPI2_IRQHandler
                0x080003cc                DMA1_Stream0_IRQHandler
                0x080003cc                EXTI4_IRQHandler
                0x080003cc                WWDG_IRQHandler
                0x080003cc                TIM2_IRQHandler
                0x080003cc                OTG_FS_WKUP_IRQHandler
                0x080003cc                TIM1_TRG_COM_TIM11_IRQHandler
                0x080003cc                EXTI1_IRQHandler
                0x080003cc                USART2_IRQHandler
                0x080003cc                I2C2_ER_IRQHandler
                0x080003cc                DMA2_Stream1_IRQHandler
                0x080003cc                FLASH_IRQHandler
                0x080003cc                DMA2_Stream4_IRQHandler
                0x080003cc                USART1_IRQHandler
                0x080003cc                OTG_FS_IRQHandler
                0x080003cc                SPI3_IRQHandler
                0x080003cc                DMA1_Stream4_IRQHandler
                0x080003cc                I2C1_ER_IRQHandler
                0x080003cc                DMA2_Stream6_IRQHandler
                0x080003cc                DMA1_Stream3_IRQHandler

.inits          0x080003d0       0x28
                0x080003d0                __data_regions_array_start = .
                0x080003d0        0x4 LONG 0x8001c48 LOADADDR (.data)
                0x080003d4        0x4 LONG 0x20000000 ADDR (.data)
                0x080003d8        0x4 LONG 0x20000078 (ADDR (.data) + SIZEOF (.data))
                0x080003dc        0x4 LONG 0x8001c48 LOADADDR (.data_CCMRAM)
                0x080003e0        0x4 LONG 0x10000000 ADDR (.data_CCMRAM)
                0x080003e4        0x4 LONG 0x10000000 (ADDR (.data_CCMRAM) + SIZEOF (.data_CCMRAM))
                0x080003e8                __data_regions_array_end = .
                0x080003e8                __bss_regions_array_start = .
                0x080003e8        0x4 LONG 0x20000078 ADDR (.bss)
                0x080003ec        0x4 LONG 0x20000118 (ADDR (.bss) + SIZEOF (.bss))
                0x080003f0        0x4 LONG 0x10000000 ADDR (.bss_CCMRAM)
                0x080003f4        0x4 LONG 0x10000000 (ADDR (.bss_CCMRAM) + SIZEOF (.bss_CCMRAM))
                0x080003f8                __bss_regions_array_end = .
 *(.init)
 *(.fini)
                0x080003f8                . = ALIGN (0x4)
                0x080003f8                PROVIDE (__preinit_array_start, .)
 *(.preinit_array_sysinit .preinit_array_sysinit.*)
 *(.preinit_array_platform .preinit_array_platform.*)
 *(.preinit_array .preinit_array.*)
                0x080003f8                PROVIDE (__preinit_array_end, .)
                0x080003f8                . = ALIGN (0x4)
                0x080003f8                PROVIDE (__init_array_start, .)
 *(SORT(.init_array.*))
 *(.init_array)
                0x080003f8                PROVIDE (__init_array_end, .)
                0x080003f8                . = ALIGN (0x4)
                0x080003f8                PROVIDE (__fini_array_start, .)
 *(SORT(.fini_array.*))
 *(.fini_array)
                0x080003f8                PROVIDE (__fini_array_end, .)

.flashtext
 *(.flashtext .flashtext.*)

.text           0x08000400     0x1847
 *(.text .text.*)
 .text.HAL_InitTick
                0x08000400       0x2c ./system/src/stm32f4-hal/stm32f4xx_hal.o
                0x08000400                HAL_InitTick
 .text.HAL_Init
                0x0800042c       0x34 ./system/src/stm32f4-hal/stm32f4xx_hal.o
                0x0800042c                HAL_Init
 .text.HAL_GetTick
                0x08000460        0xc ./system/src/stm32f4-hal/stm32f4xx_hal.o
                0x08000460                HAL_GetTick
 .text.HAL_NVIC_SetPriorityGrouping
                0x0800046c       0x3c ./system/src/stm32f4-hal/stm32f4xx_hal_cortex.o
                0x0800046c                HAL_NVIC_SetPriorityGrouping
 .text.HAL_NVIC_SetPriority
                0x080004a8       0x88 ./system/src/stm32f4-hal/stm32f4xx_hal_cortex.o
                0x080004a8                HAL_NVIC_SetPriority
 .text.HAL_SYSTICK_Config
                0x08000530       0x2c ./system/src/stm32f4-hal/stm32f4xx_hal_cortex.o
                0x08000530                HAL_SYSTICK_Config
 .text.HAL_SYSTICK_CLKSourceConfig
                0x0800055c       0x3c ./system/src/stm32f4-hal/stm32f4xx_hal_cortex.o
                0x0800055c                HAL_SYSTICK_CLKSourceConfig
 .text.HAL_RCC_OscConfig
                0x08000598      0x42c ./system/src/stm32f4-hal/stm32f4xx_hal_rcc.o
                0x08000598                HAL_RCC_OscConfig
 .text.HAL_RCC_GetSysClockFreq
                0x080009c4       0x94 ./system/src/stm32f4-hal/stm32f4xx_hal_rcc.o
                0x080009c4                HAL_RCC_GetSysClockFreq
 .text.HAL_RCC_ClockConfig
                0x08000a58      0x250 ./system/src/stm32f4-hal/stm32f4xx_hal_rcc.o
                0x08000a58                HAL_RCC_ClockConfig
 .text.HAL_RCC_GetHCLKFreq
                0x08000ca8        0xc ./system/src/stm32f4-hal/stm32f4xx_hal_rcc.o
                0x08000ca8                HAL_RCC_GetHCLKFreq
 .text._exit    0x08000cb4        0x2 ./system/src/newlib/_exit.o
                0x08000cb4                _exit
 *fill*         0x08000cb6        0x2 
 .text.abort    0x08000cb8       0x14 ./system/src/newlib/_exit.o
                0x08000cb8                abort
 .text._sbrk    0x08000ccc       0x44 ./system/src/newlib/_sbrk.o
                0x08000ccc                _sbrk
 .text.__initialize_args
                0x08000d10       0x10 ./system/src/newlib/_syscalls.o
                0x08000d10                __initialize_args
 .text.assert_failed
                0x08000d20       0x14 ./system/src/newlib/assert.o
                0x08000d20                assert_failed
 .text.trace_printf
                0x08000d34       0x30 ./system/src/diag/Trace.o
                0x08000d34                trace_printf
 .text.trace_puts
                0x08000d64       0x20 ./system/src/diag/Trace.o
                0x08000d64                trace_puts
 .text._trace_write_itm
                0x08000d84       0x6e ./system/src/diag/trace_impl.o
 .text.trace_write
                0x08000df2        0x8 ./system/src/diag/trace_impl.o
                0x08000df2                trace_write
 *fill*         0x08000dfa        0x2 
 .text.__initialize_hardware_early
                0x08000dfc       0x18 ./system/src/cortexm/_initialize_hardware.o
                0x08000dfc                __initialize_hardware_early
 .text.dumpExceptionStack
                0x08000e14       0xf4 ./system/src/cortexm/exception_handlers.o
                0x08000e14                dumpExceptionStack
 .text.SystemInit
                0x08000f08       0x40 ./system/src/cmsis/system_stm32f4xx.o
                0x08000f08                SystemInit
 .text.SystemCoreClockUpdate
                0x08000f48       0xa0 ./system/src/cmsis/system_stm32f4xx.o
                0x08000f48                SystemCoreClockUpdate
 .text.SystemClock_Config
                0x08000fe8       0x98 ./src/_initialize_hardware.o
                0x08000fe8                SystemClock_Config
 .text.__initialize_hardware
                0x08001080       0x10 ./src/_initialize_hardware.o
                0x08001080                __initialize_hardware
 .text.main     0x08001090       0x48 ./src/main.o
                0x08001090                main
 .text.HAL_MspInit
                0x080010d8        0x2 ./src/stm32f4xx_hal_msp.o
                0x080010d8                HAL_MspInit
 *fill*         0x080010da        0x2 
 .text.__errno  0x080010dc        0xc c:/program files (x86)/gnu tools arm embedded/6 2017-q2-update/bin/../lib/gcc/arm-none-eabi/6.3.1/../../../../arm-none-eabi/lib/thumb/v7e-m\libg_nano.a(lib_a-errno.o)
                0x080010dc                __errno
 .text          0x080010e8       0x10 c:/program files (x86)/gnu tools arm embedded/6 2017-q2-update/bin/../lib/gcc/arm-none-eabi/6.3.1/../../../../arm-none-eabi/lib/thumb/v7e-m\libg_nano.a(lib_a-strlen.o)
                0x080010e8                strlen
 .text._vsnprintf_r
                0x080010f8       0x58 c:/program files (x86)/gnu tools arm embedded/6 2017-q2-update/bin/../lib/gcc/arm-none-eabi/6.3.1/../../../../arm-none-eabi/lib/thumb/v7e-m\libg_nano.a(lib_a-vsnprintf.o)
                0x080010f8                _vsniprintf_r
                0x080010f8                _vsnprintf_r
 .text.vsnprintf
                0x08001150       0x1c c:/program files (x86)/gnu tools arm embedded/6 2017-q2-update/bin/../lib/gcc/arm-none-eabi/6.3.1/../../../../arm-none-eabi/lib/thumb/v7e-m\libg_nano.a(lib_a-vsnprintf.o)
                0x08001150                vsniprintf
                0x08001150                vsnprintf
 .text.__ssputs_r
                0x0800116c       0xb6 c:/program files (x86)/gnu tools arm embedded/6 2017-q2-update/bin/../lib/gcc/arm-none-eabi/6.3.1/../../../../arm-none-eabi/lib/thumb/v7e-m\libg_nano.a(lib_a-nano-svfprintf.o)
                0x0800116c                __ssputs_r
 *fill*         0x08001222        0x2 
 .text._svfprintf_r
                0x08001224      0x1e8 c:/program files (x86)/gnu tools arm embedded/6 2017-q2-update/bin/../lib/gcc/arm-none-eabi/6.3.1/../../../../arm-none-eabi/lib/thumb/v7e-m\libg_nano.a(lib_a-nano-svfprintf.o)
                0x08001224                _svfiprintf_r
                0x08001224                _svfprintf_r
 .text._printf_common
                0x0800140c       0xec c:/program files (x86)/gnu tools arm embedded/6 2017-q2-update/bin/../lib/gcc/arm-none-eabi/6.3.1/../../../../arm-none-eabi/lib/thumb/v7e-m\libg_nano.a(lib_a-nano-vfprintf_i.o)
                0x0800140c                _printf_common
 .text._printf_i
                0x080014f8      0x240 c:/program files (x86)/gnu tools arm embedded/6 2017-q2-update/bin/../lib/gcc/arm-none-eabi/6.3.1/../../../../arm-none-eabi/lib/thumb/v7e-m\libg_nano.a(lib_a-nano-vfprintf_i.o)
                0x080014f8                _printf_i
 *fill*         0x08001738        0x8 
 .text          0x08001740       0xa0 c:/program files (x86)/gnu tools arm embedded/6 2017-q2-update/bin/../lib/gcc/arm-none-eabi/6.3.1/../../../../arm-none-eabi/lib/thumb/v7e-m\libg_nano.a(lib_a-memchr.o)
                0x08001740                memchr
 .text.memcpy   0x080017e0       0x16 c:/program files (x86)/gnu tools arm embedded/6 2017-q2-update/bin/../lib/gcc/arm-none-eabi/6.3.1/../../../../arm-none-eabi/lib/thumb/v7e-m\libg_nano.a(lib_a-memcpy-stub.o)
                0x080017e0                memcpy
 .text.memmove  0x080017f6       0x34 c:/program files (x86)/gnu tools arm embedded/6 2017-q2-update/bin/../lib/gcc/arm-none-eabi/6.3.1/../../../../arm-none-eabi/lib/thumb/v7e-m\libg_nano.a(lib_a-memmove.o)
                0x080017f6                memmove
 *fill*         0x0800182a        0x2 
 .text._free_r  0x0800182c       0x9c c:/program files (x86)/gnu tools arm embedded/6 2017-q2-update/bin/../lib/gcc/arm-none-eabi/6.3.1/../../../../arm-none-eabi/lib/thumb/v7e-m\libg_nano.a(lib_a-nano-freer.o)
                0x0800182c                _free_r
 .text._malloc_r
                0x080018c8       0xbc c:/program files (x86)/gnu tools arm embedded/6 2017-q2-update/bin/../lib/gcc/arm-none-eabi/6.3.1/../../../../arm-none-eabi/lib/thumb/v7e-m\libg_nano.a(lib_a-nano-mallocr.o)
                0x080018c8                _malloc_r
 .text._realloc_r
                0x08001984       0x4c c:/program files (x86)/gnu tools arm embedded/6 2017-q2-update/bin/../lib/gcc/arm-none-eabi/6.3.1/../../../../arm-none-eabi/lib/thumb/v7e-m\libg_nano.a(lib_a-nano-reallocr.o)
                0x08001984                _realloc_r
 .text._sbrk_r  0x080019d0       0x20 c:/program files (x86)/gnu tools arm embedded/6 2017-q2-update/bin/../lib/gcc/arm-none-eabi/6.3.1/../../../../arm-none-eabi/lib/thumb/v7e-m\libg_nano.a(lib_a-sbrkr.o)
                0x080019d0                _sbrk_r
 .text.__malloc_lock
                0x080019f0        0x2 c:/program files (x86)/gnu tools arm embedded/6 2017-q2-update/bin/../lib/gcc/arm-none-eabi/6.3.1/../../../../arm-none-eabi/lib/thumb/v7e-m\libg_nano.a(lib_a-mlock.o)
                0x080019f0                __malloc_lock
 .text.__malloc_unlock
                0x080019f2        0x2 c:/program files (x86)/gnu tools arm embedded/6 2017-q2-update/bin/../lib/gcc/arm-none-eabi/6.3.1/../../../../arm-none-eabi/lib/thumb/v7e-m\libg_nano.a(lib_a-mlock.o)
                0x080019f2                __malloc_unlock
 .text._malloc_usable_size_r
                0x080019f4       0x12 c:/program files (x86)/gnu tools arm embedded/6 2017-q2-update/bin/../lib/gcc/arm-none-eabi/6.3.1/../../../../arm-none-eabi/lib/thumb/v7e-m\libg_nano.a(lib_a-nano-msizer.o)
                0x080019f4                _malloc_usable_size_r
 *(.rodata .rodata.* .constdata .constdata.*)
 *fill*         0x08001a06        0x2 
 .rodata.HAL_NVIC_SetPriorityGrouping.str1.4
                0x08001a08       0x31 ./system/src/stm32f4-hal/stm32f4xx_hal_cortex.o
 *fill*         0x08001a39        0x3 
 .rodata.APBAHBPrescTable
                0x08001a3c       0x10 ./system/src/stm32f4-hal/stm32f4xx_hal_rcc.o
                0x08001a3c                APBAHBPrescTable
 .rodata.HAL_RCC_OscConfig.str1.4
                0x08001a4c       0x2e ./system/src/stm32f4-hal/stm32f4xx_hal_rcc.o
 *fill*         0x08001a7a        0x2 
 .rodata.abort.str1.4
                0x08001a7c       0x14 ./system/src/newlib/_exit.o
 .rodata.assert_failed.str1.4
                0x08001a90       0x2b ./system/src/newlib/assert.o
 .rodata.trace_puts.str1.4
                0x08001abb       0x2b ./system/src/diag/Trace.o
                                  0x2 (size before relaxing)
 *fill*         0x08001abb        0x1 
 .rodata.dumpExceptionStack.str1.4
                0x08001abc      0x11a ./system/src/cortexm/exception_handlers.o
 *fill*         0x08001bd6        0x2 
 .rodata.str1.4
                0x08001bd8       0x2c ./system/src/cortexm/exception_handlers.o
                                 0x2a (size before relaxing)
 .rodata.AHBPrescTable
                0x08001c04       0x10 ./system/src/cmsis/system_stm32f4xx.o
                0x08001c04                AHBPrescTable
 .rodata._svfprintf_r.str1.1
                0x08001c14       0x11 c:/program files (x86)/gnu tools arm embedded/6 2017-q2-update/bin/../lib/gcc/arm-none-eabi/6.3.1/../../../../arm-none-eabi/lib/thumb/v7e-m\libg_nano.a(lib_a-nano-svfprintf.o)
 .rodata._printf_i.str1.1
                0x08001c25       0x22 c:/program files (x86)/gnu tools arm embedded/6 2017-q2-update/bin/../lib/gcc/arm-none-eabi/6.3.1/../../../../arm-none-eabi/lib/thumb/v7e-m\libg_nano.a(lib_a-nano-vfprintf_i.o)
 *(vtable)
 *(.eh_frame*)
 *(.glue_7)
 .glue_7        0x08001c47        0x0 linker stubs
 *(.glue_7t)
 .glue_7t       0x08001c47        0x0 linker stubs

.vfp11_veneer   0x08001c48        0x0
 .vfp11_veneer  0x08001c48        0x0 linker stubs

.v4_bx          0x08001c48        0x0
 .v4_bx         0x08001c48        0x0 linker stubs

.iplt           0x08001c48        0x0
 .iplt          0x08001c48        0x0 ./system/src/stm32f4-hal/stm32f4xx_hal.o

.rel.dyn        0x08001c48        0x0
 .rel.iplt      0x08001c48        0x0 ./system/src/stm32f4-hal/stm32f4xx_hal.o

.ARM.extab
 *(.ARM.extab* .gnu.linkonce.armextab.*)
                0x08001c48                . = ALIGN (0x4)
                0x08001c48                __exidx_start = .

.ARM.exidx
 *(.ARM.exidx* .gnu.linkonce.armexidx.*)
                0x08001c48                __exidx_end = .
                0x08001c48                . = ALIGN (0x4)
                0x08001c48                _etext = .
                0x08001c48                __etext = .

.data_CCMRAM    0x10000000        0x0 load address 0x08001c48
 FILL mask 0xff
 *(.data.CCMRAM .data.CCMRAM.*)
                0x10000000                . = ALIGN (0x4)
                0x08001c48                _sidata = LOADADDR (.data)

.data           0x20000000       0x78 load address 0x08001c48
 FILL mask 0xff
                0x20000000                _sdata = .
                0x20000000                __data_start__ = .
 *(.data_begin .data_begin.*)
 .data_begin    0x20000000        0x4 ./system/src/newlib/_startup.o
 *(.data .data.*)
 .data.argv.4263
                0x20000004        0x8 ./system/src/newlib/_syscalls.o
 .data.SystemCoreClock
                0x2000000c        0x4 ./system/src/cmsis/system_stm32f4xx.o
                0x2000000c                SystemCoreClock
 .data._impure_ptr
                0x20000010        0x4 c:/program files (x86)/gnu tools arm embedded/6 2017-q2-update/bin/../lib/gcc/arm-none-eabi/6.3.1/../../../../arm-none-eabi/lib/thumb/v7e-m\libg_nano.a(lib_a-impure.o)
                0x20000010                _impure_ptr
 .data.impure_data
                0x20000014       0x60 c:/program files (x86)/gnu tools arm embedded/6 2017-q2-update/bin/../lib/gcc/arm-none-eabi/6.3.1/../../../../arm-none-eabi/lib/thumb/v7e-m\libg_nano.a(lib_a-impure.o)
 *(.data_end .data_end.*)
 .data_end      0x20000074        0x4 ./system/src/newlib/_startup.o
                0x20000078                . = ALIGN (0x4)
                0x20000078                _edata = .
                0x20000078                __data_end__ = .

.igot.plt       0x20000078        0x0 load address 0x08001cc0
 .igot.plt      0x20000078        0x0 ./system/src/stm32f4-hal/stm32f4xx_hal.o

.bss_CCMRAM     0x10000000        0x0
 *(.bss.CCMRAM .bss.CCMRAM.*)

.bss            0x20000078       0xa0
                0x20000078                __bss_start__ = .
                0x20000078                _sbss = .
 *(.bss_begin .bss_begin.*)
 .bss_begin     0x20000078        0x4 ./system/src/newlib/_startup.o
 *(.bss .bss.*)
 .bss.current_heap_end.3947
                0x2000007c        0x4 ./system/src/newlib/_sbrk.o
 .bss.name.4262
                0x20000080        0x1 ./system/src/newlib/_syscalls.o
 *fill*         0x20000081        0x3 
 .bss.buf.5152  0x20000084       0x80 ./system/src/diag/Trace.o
 .bss.__malloc_free_list
                0x20000104        0x4 c:/program files (x86)/gnu tools arm embedded/6 2017-q2-update/bin/../lib/gcc/arm-none-eabi/6.3.1/../../../../arm-none-eabi/lib/thumb/v7e-m\libg_nano.a(lib_a-nano-mallocr.o)
                0x20000104                __malloc_free_list
 .bss.__malloc_sbrk_start
                0x20000108        0x4 c:/program files (x86)/gnu tools arm embedded/6 2017-q2-update/bin/../lib/gcc/arm-none-eabi/6.3.1/../../../../arm-none-eabi/lib/thumb/v7e-m\libg_nano.a(lib_a-nano-mallocr.o)
                0x20000108                __malloc_sbrk_start
 *(COMMON)
 COMMON         0x2000010c        0x4 ./system/src/stm32f4-hal/stm32f4xx_hal.o
                0x2000010c                uwTick
 COMMON         0x20000110        0x4 ./system/src/newlib/_syscalls.o
                0x20000110                errno
 *(.bss_end .bss_end.*)
 .bss_end       0x20000114        0x4 ./system/src/newlib/_startup.o
                0x20000118                . = ALIGN (0x4)
                0x20000118                __bss_end__ = .
                0x20000118                _ebss = .

.noinit_CCMRAM
 *(.noinit.CCMRAM .noinit.CCMRAM.*)

.noinit         0x20000118        0x0
                0x20000118                _noinit = .
 *(.noinit .noinit.*)
                0x20000118                . = ALIGN (0x4)
                0x20000118                _end_noinit = .
                [!provide]                PROVIDE (end, _end_noinit)
                [!provide]                PROVIDE (_end, _end_noinit)
                [!provide]                PROVIDE (__end, _end_noinit)
                [!provide]                PROVIDE (__end__, _end_noinit)

._check_stack   0x20000118      0x100
                0x20000218                . = (. + _Minimum_Stack_Size)
 *fill*         0x20000118      0x100 

.b1text
 *(.b1text)
 *(.b1rodata)
 *(.b1rodata.*)

.eb0text
 *(.eb0text)
 *(.eb0rodata)
 *(.eb0rodata.*)

.eb1text
 *(.eb1text)
 *(.eb1rodata)
 *(.eb1rodata.*)

.eb2text
 *(.eb2text)
 *(.eb2rodata)
 *(.eb2rodata.*)

.eb3text
 *(.eb3text)
 *(.eb3rodata)
 *(.eb3rodata.*)

.stab
 *(.stab)

.stabstr
 *(.stabstr)

.stab.excl
 *(.stab.excl)

.stab.exclstr
 *(.stab.exclstr)

.stab.index
 *(.stab.index)

.stab.indexstr
 *(.stab.indexstr)

.comment        0x00000000       0x7f
 *(.comment)
 .comment       0x00000000       0x7f ./system/src/stm32f4-hal/stm32f4xx_hal.o
                                 0x80 (size before relaxing)
 .comment       0x0000007f       0x80 ./system/src/stm32f4-hal/stm32f4xx_hal_cortex.o
 .comment       0x0000007f       0x80 ./system/src/stm32f4-hal/stm32f4xx_hal_rcc.o
 .comment       0x0000007f       0x80 ./system/src/newlib/_exit.o
 .comment       0x0000007f       0x80 ./system/src/newlib/_sbrk.o
 .comment       0x0000007f       0x80 ./system/src/newlib/_startup.o
 .comment       0x0000007f       0x80 ./system/src/newlib/_syscalls.o
 .comment       0x0000007f       0x80 ./system/src/newlib/assert.o
 .comment       0x0000007f       0x80 ./system/src/diag/Trace.o
 .comment       0x0000007f       0x80 ./system/src/diag/trace_impl.o
 .comment       0x0000007f       0x80 ./system/src/cortexm/_initialize_hardware.o
 .comment       0x0000007f       0x80 ./system/src/cortexm/exception_handlers.o
 .comment       0x0000007f       0x80 ./system/src/cmsis/system_stm32f4xx.o
 .comment       0x0000007f       0x80 ./system/src/cmsis/vectors_stm32f411xe.o
 .comment       0x0000007f       0x80 ./src/_initialize_hardware.o
 .comment       0x0000007f       0x80 ./src/main.o
 .comment       0x0000007f       0x80 ./src/stm32f4xx_hal_msp.o

.ARM.attributes
                0x00000000       0x31
 .ARM.attributes
                0x00000000       0x33 ./system/src/stm32f4-hal/stm32f4xx_hal.o
 .ARM.attributes
                0x00000033       0x33 ./system/src/stm32f4-hal/stm32f4xx_hal_cortex.o
 .ARM.attributes
                0x00000066       0x33 ./system/src/stm32f4-hal/stm32f4xx_hal_rcc.o
 .ARM.attributes
                0x00000099       0x33 ./system/src/newlib/_exit.o
 .ARM.attributes
                0x000000cc       0x33 ./system/src/newlib/_sbrk.o
 .ARM.attributes
                0x000000ff       0x33 ./system/src/newlib/_startup.o
 .ARM.attributes
                0x00000132       0x33 ./system/src/newlib/_syscalls.o
 .ARM.attributes
                0x00000165       0x33 ./system/src/newlib/assert.o
 .ARM.attributes
                0x00000198       0x33 ./system/src/diag/Trace.o
 .ARM.attributes
                0x000001cb       0x33 ./system/src/diag/trace_impl.o
 .ARM.attributes
                0x000001fe       0x33 ./system/src/cortexm/_initialize_hardware.o
 .ARM.attributes
                0x00000231       0x33 ./system/src/cortexm/exception_handlers.o
 .ARM.attributes
                0x00000264       0x33 ./system/src/cmsis/system_stm32f4xx.o
 .ARM.attributes
                0x00000297       0x33 ./system/src/cmsis/vectors_stm32f411xe.o
 .ARM.attributes
                0x000002ca       0x33 ./src/_initialize_hardware.o
 .ARM.attributes
                0x000002fd       0x33 ./src/main.o
 .ARM.attributes
                0x00000330       0x33 ./src/stm32f4xx_hal_msp.o
 .ARM.attributes
                0x00000363       0x2e c:/program files (x86)/gnu tools arm embedded/6 2017-q2-update/bin/../lib/gcc/arm-none-eabi/6.3.1/../../../../arm-none-eabi/lib/thumb/v7e-m\libg_nano.a(lib_a-errno.o)
 .ARM.attributes
                0x00000391       0x2e c:/program files (x86)/gnu tools arm embedded/6 2017-q2-update/bin/../lib/gcc/arm-none-eabi/6.3.1/../../../../arm-none-eabi/lib/thumb/v7e-m\libg_nano.a(lib_a-impure.o)
 .ARM.attributes
                0x000003bf       0x17 c:/program files (x86)/gnu tools arm embedded/6 2017-q2-update/bin/../lib/gcc/arm-none-eabi/6.3.1/../../../../arm-none-eabi/lib/thumb/v7e-m\libg_nano.a(lib_a-strlen.o)
 .ARM.attributes
                0x000003d6       0x2e c:/program files (x86)/gnu tools arm embedded/6 2017-q2-update/bin/../lib/gcc/arm-none-eabi/6.3.1/../../../../arm-none-eabi/lib/thumb/v7e-m\libg_nano.a(lib_a-vsnprintf.o)
 .ARM.attributes
                0x00000404       0x2e c:/program files (x86)/gnu tools arm embedded/6 2017-q2-update/bin/../lib/gcc/arm-none-eabi/6.3.1/../../../../arm-none-eabi/lib/thumb/v7e-m\libg_nano.a(lib_a-nano-svfprintf.o)
 .ARM.attributes
                0x00000432       0x2e c:/program files (x86)/gnu tools arm embedded/6 2017-q2-update/bin/../lib/gcc/arm-none-eabi/6.3.1/../../../../arm-none-eabi/lib/thumb/v7e-m\libg_nano.a(lib_a-nano-vfprintf_i.o)
 .ARM.attributes
                0x00000460       0x1c c:/program files (x86)/gnu tools arm embedded/6 2017-q2-update/bin/../lib/gcc/arm-none-eabi/6.3.1/../../../../arm-none-eabi/lib/thumb/v7e-m\libg_nano.a(lib_a-memchr.o)
 .ARM.attributes
                0x0000047c       0x2e c:/program files (x86)/gnu tools arm embedded/6 2017-q2-update/bin/../lib/gcc/arm-none-eabi/6.3.1/../../../../arm-none-eabi/lib/thumb/v7e-m\libg_nano.a(lib_a-memcpy-stub.o)
 .ARM.attributes
                0x000004aa       0x2e c:/program files (x86)/gnu tools arm embedded/6 2017-q2-update/bin/../lib/gcc/arm-none-eabi/6.3.1/../../../../arm-none-eabi/lib/thumb/v7e-m\libg_nano.a(lib_a-memmove.o)
 .ARM.attributes
                0x000004d8       0x2e c:/program files (x86)/gnu tools arm embedded/6 2017-q2-update/bin/../lib/gcc/arm-none-eabi/6.3.1/../../../../arm-none-eabi/lib/thumb/v7e-m\libg_nano.a(lib_a-nano-freer.o)
 .ARM.attributes
                0x00000506       0x2e c:/program files (x86)/gnu tools arm embedded/6 2017-q2-update/bin/../lib/gcc/arm-none-eabi/6.3.1/../../../../arm-none-eabi/lib/thumb/v7e-m\libg_nano.a(lib_a-nano-mallocr.o)
 .ARM.attributes
                0x00000534       0x2e c:/program files (x86)/gnu tools arm embedded/6 2017-q2-update/bin/../lib/gcc/arm-none-eabi/6.3.1/../../../../arm-none-eabi/lib/thumb/v7e-m\libg_nano.a(lib_a-nano-reallocr.o)
 .ARM.attributes
                0x00000562       0x2e c:/program files (x86)/gnu tools arm embedded/6 2017-q2-update/bin/../lib/gcc/arm-none-eabi/6.3.1/../../../../arm-none-eabi/lib/thumb/v7e-m\libg_nano.a(lib_a-sbrkr.o)
 .ARM.attributes
                0x00000590       0x2e c:/program files (x86)/gnu tools arm embedded/6 2017-q2-update/bin/../lib/gcc/arm-none-eabi/6.3.1/../../../../arm-none-eabi/lib/thumb/v7e-m\libg_nano.a(lib_a-mlock.o)
 .ARM.attributes
                0x000005be       0x2e c:/program files (x86)/gnu tools arm embedded/6 2017-q2-update/bin/../lib/gcc/arm-none-eabi/6.3.1/../../../../arm-none-eabi/lib/thumb/v7e-m\libg_nano.a(lib_a-nano-msizer.o)

.debug
 *(.debug)

.line
 *(.line)

.debug_srcinfo
 *(.debug_srcinfo)

.debug_sfnames
 *(.debug_sfnames)

.debug_aranges  0x00000000      0x4a0
 *(.debug_aranges)
 .debug_aranges
                0x00000000       0xc0 ./system/src/stm32f4-hal/stm32f4xx_hal.o
 .debug_aranges
                0x000000c0       0x98 ./system/src/stm32f4-hal/stm32f4xx_hal_cortex.o
 .debug_aranges
                0x00000158       0x88 ./system/src/stm32f4-hal/stm32f4xx_hal_rcc.o
 .debug_aranges
                0x000001e0       0x28 ./system/src/newlib/_exit.o
 .debug_aranges
                0x00000208       0x20 ./system/src/newlib/_sbrk.o
 .debug_aranges
                0x00000228       0x40 ./system/src/newlib/_startup.o
 .debug_aranges
                0x00000268       0x30 ./system/src/newlib/_syscalls.o
 .debug_aranges
                0x00000298       0x28 ./system/src/newlib/assert.o
 .debug_aranges
                0x000002c0       0x38 ./system/src/diag/Trace.o
 .debug_aranges
                0x000002f8       0x30 ./system/src/diag/trace_impl.o
 .debug_aranges
                0x00000328       0x28 ./system/src/cortexm/_initialize_hardware.o
 .debug_aranges
                0x00000350       0x88 ./system/src/cortexm/exception_handlers.o
 .debug_aranges
                0x000003d8       0x28 ./system/src/cmsis/system_stm32f4xx.o
 .debug_aranges
                0x00000400       0x20 ./system/src/cmsis/vectors_stm32f411xe.o
 .debug_aranges
                0x00000420       0x28 ./src/_initialize_hardware.o
 .debug_aranges
                0x00000448       0x20 ./src/main.o
 .debug_aranges
                0x00000468       0x38 ./src/stm32f4xx_hal_msp.o

.debug_pubnames
 *(.debug_pubnames)

.debug_info     0x00000000     0xce8b
 *(.debug_info .gnu.linkonce.wi.*)
 .debug_info    0x00000000     0x1088 ./system/src/stm32f4-hal/stm32f4xx_hal.o
 .debug_info    0x00001088     0x186e ./system/src/stm32f4-hal/stm32f4xx_hal_cortex.o
 .debug_info    0x000028f6     0x1782 ./system/src/stm32f4-hal/stm32f4xx_hal_rcc.o
 .debug_info    0x00004078      0x95d ./system/src/newlib/_exit.o
 .debug_info    0x000049d5      0x949 ./system/src/newlib/_sbrk.o
 .debug_info    0x0000531e      0x4ca ./system/src/newlib/_startup.o
 .debug_info    0x000057e8      0xa20 ./system/src/newlib/_syscalls.o
 .debug_info    0x00006208      0xa06 ./system/src/newlib/assert.o
 .debug_info    0x00006c0e      0xb31 ./system/src/diag/Trace.o
 .debug_info    0x0000773f      0xc36 ./system/src/diag/trace_impl.o
 .debug_info    0x00008375      0xae5 ./system/src/cortexm/_initialize_hardware.o
 .debug_info    0x00008e5a     0x1025 ./system/src/cortexm/exception_handlers.o
 .debug_info    0x00009e7f      0xd05 ./system/src/cmsis/system_stm32f4xx.o
 .debug_info    0x0000ab84       0xd1 ./system/src/cmsis/vectors_stm32f411xe.o
 .debug_info    0x0000ac55      0xd3b ./src/_initialize_hardware.o
 .debug_info    0x0000b990      0xbe5 ./src/main.o
 .debug_info    0x0000c575      0x916 ./src/stm32f4xx_hal_msp.o

.debug_abbrev   0x00000000     0x2661
 *(.debug_abbrev)
 .debug_abbrev  0x00000000      0x329 ./system/src/stm32f4-hal/stm32f4xx_hal.o
 .debug_abbrev  0x00000329      0x3ef ./system/src/stm32f4-hal/stm32f4xx_hal_cortex.o
 .debug_abbrev  0x00000718      0x392 ./system/src/stm32f4-hal/stm32f4xx_hal_rcc.o
 .debug_abbrev  0x00000aaa      0x1f3 ./system/src/newlib/_exit.o
 .debug_abbrev  0x00000c9d      0x1fc ./system/src/newlib/_sbrk.o
 .debug_abbrev  0x00000e99      0x1c4 ./system/src/newlib/_startup.o
 .debug_abbrev  0x0000105d      0x234 ./system/src/newlib/_syscalls.o
 .debug_abbrev  0x00001291      0x1f3 ./system/src/newlib/assert.o
 .debug_abbrev  0x00001484      0x276 ./system/src/diag/Trace.o
 .debug_abbrev  0x000016fa      0x273 ./system/src/diag/trace_impl.o
 .debug_abbrev  0x0000196d      0x1de ./system/src/cortexm/_initialize_hardware.o
 .debug_abbrev  0x00001b4b      0x2b4 ./system/src/cortexm/exception_handlers.o
 .debug_abbrev  0x00001dff      0x216 ./system/src/cmsis/system_stm32f4xx.o
 .debug_abbrev  0x00002015       0x9d ./system/src/cmsis/vectors_stm32f411xe.o
 .debug_abbrev  0x000020b2      0x22d ./src/_initialize_hardware.o
 .debug_abbrev  0x000022df      0x1d1 ./src/main.o
 .debug_abbrev  0x000024b0      0x1b1 ./src/stm32f4xx_hal_msp.o

.debug_line     0x00000000     0x807b
 *(.debug_line)
 .debug_line    0x00000000      0xb99 ./system/src/stm32f4-hal/stm32f4xx_hal.o
 .debug_line    0x00000b99      0xc99 ./system/src/stm32f4-hal/stm32f4xx_hal_cortex.o
 .debug_line    0x00001832      0xe1a ./system/src/stm32f4-hal/stm32f4xx_hal_rcc.o
 .debug_line    0x0000264c      0x368 ./system/src/newlib/_exit.o
 .debug_line    0x000029b4      0x31c ./system/src/newlib/_sbrk.o
 .debug_line    0x00002cd0      0x3e4 ./system/src/newlib/_startup.o
 .debug_line    0x000030b4      0x43a ./system/src/newlib/_syscalls.o
 .debug_line    0x000034ee      0x3a3 ./system/src/newlib/assert.o
 .debug_line    0x00003891      0x3d6 ./system/src/diag/Trace.o
 .debug_line    0x00003c67      0xaaf ./system/src/diag/trace_impl.o
 .debug_line    0x00004716      0xa3d ./system/src/cortexm/_initialize_hardware.o
 .debug_line    0x00005153      0xb4d ./system/src/cortexm/exception_handlers.o
 .debug_line    0x00005ca0      0xa45 ./system/src/cmsis/system_stm32f4xx.o
 .debug_line    0x000066e5      0x10b ./system/src/cmsis/vectors_stm32f411xe.o
 .debug_line    0x000067f0      0xa39 ./src/_initialize_hardware.o
 .debug_line    0x00007229      0x41b ./src/main.o
 .debug_line    0x00007644      0xa37 ./src/stm32f4xx_hal_msp.o

.debug_frame    0x00000000      0xbf0
 *(.debug_frame)
 .debug_frame   0x00000000      0x188 ./system/src/stm32f4-hal/stm32f4xx_hal.o
 .debug_frame   0x00000188      0x17c ./system/src/stm32f4-hal/stm32f4xx_hal_cortex.o
 .debug_frame   0x00000304      0x140 ./system/src/stm32f4-hal/stm32f4xx_hal_rcc.o
 .debug_frame   0x00000444       0x38 ./system/src/newlib/_exit.o
 .debug_frame   0x0000047c       0x28 ./system/src/newlib/_sbrk.o
 .debug_frame   0x000004a4       0x7c ./system/src/newlib/_startup.o
 .debug_frame   0x00000520       0x50 ./system/src/newlib/_syscalls.o
 .debug_frame   0x00000570       0x40 ./system/src/newlib/assert.o
 .debug_frame   0x000005b0       0x94 ./system/src/diag/Trace.o
 .debug_frame   0x00000644       0x54 ./system/src/diag/trace_impl.o
 .debug_frame   0x00000698       0x40 ./system/src/cortexm/_initialize_hardware.o
 .debug_frame   0x000006d8      0x144 ./system/src/cortexm/exception_handlers.o
 .debug_frame   0x0000081c       0x30 ./system/src/cmsis/system_stm32f4xx.o
 .debug_frame   0x0000084c       0x20 ./system/src/cmsis/vectors_stm32f411xe.o
 .debug_frame   0x0000086c       0x4c ./src/_initialize_hardware.o
 .debug_frame   0x000008b8       0x20 ./src/main.o
 .debug_frame   0x000008d8       0x50 ./src/stm32f4xx_hal_msp.o
 .debug_frame   0x00000928       0x20 c:/program files (x86)/gnu tools arm embedded/6 2017-q2-update/bin/../lib/gcc/arm-none-eabi/6.3.1/../../../../arm-none-eabi/lib/thumb/v7e-m\libg_nano.a(lib_a-errno.o)
 .debug_frame   0x00000948       0x4c c:/program files (x86)/gnu tools arm embedded/6 2017-q2-update/bin/../lib/gcc/arm-none-eabi/6.3.1/../../../../arm-none-eabi/lib/thumb/v7e-m\libg_nano.a(lib_a-vsnprintf.o)
 .debug_frame   0x00000994       0x90 c:/program files (x86)/gnu tools arm embedded/6 2017-q2-update/bin/../lib/gcc/arm-none-eabi/6.3.1/../../../../arm-none-eabi/lib/thumb/v7e-m\libg_nano.a(lib_a-nano-svfprintf.o)
 .debug_frame   0x00000a24       0x60 c:/program files (x86)/gnu tools arm embedded/6 2017-q2-update/bin/../lib/gcc/arm-none-eabi/6.3.1/../../../../arm-none-eabi/lib/thumb/v7e-m\libg_nano.a(lib_a-nano-vfprintf_i.o)
 .debug_frame   0x00000a84       0x28 c:/program files (x86)/gnu tools arm embedded/6 2017-q2-update/bin/../lib/gcc/arm-none-eabi/6.3.1/../../../../arm-none-eabi/lib/thumb/v7e-m\libg_nano.a(lib_a-memcpy-stub.o)
 .debug_frame   0x00000aac       0x28 c:/program files (x86)/gnu tools arm embedded/6 2017-q2-update/bin/../lib/gcc/arm-none-eabi/6.3.1/../../../../arm-none-eabi/lib/thumb/v7e-m\libg_nano.a(lib_a-memmove.o)
 .debug_frame   0x00000ad4       0x38 c:/program files (x86)/gnu tools arm embedded/6 2017-q2-update/bin/../lib/gcc/arm-none-eabi/6.3.1/../../../../arm-none-eabi/lib/thumb/v7e-m\libg_nano.a(lib_a-nano-freer.o)
 .debug_frame   0x00000b0c       0x2c c:/program files (x86)/gnu tools arm embedded/6 2017-q2-update/bin/../lib/gcc/arm-none-eabi/6.3.1/../../../../arm-none-eabi/lib/thumb/v7e-m\libg_nano.a(lib_a-nano-mallocr.o)
 .debug_frame   0x00000b38       0x3c c:/program files (x86)/gnu tools arm embedded/6 2017-q2-update/bin/../lib/gcc/arm-none-eabi/6.3.1/../../../../arm-none-eabi/lib/thumb/v7e-m\libg_nano.a(lib_a-nano-reallocr.o)
 .debug_frame   0x00000b74       0x2c c:/program files (x86)/gnu tools arm embedded/6 2017-q2-update/bin/../lib/gcc/arm-none-eabi/6.3.1/../../../../arm-none-eabi/lib/thumb/v7e-m\libg_nano.a(lib_a-sbrkr.o)
 .debug_frame   0x00000ba0       0x30 c:/program files (x86)/gnu tools arm embedded/6 2017-q2-update/bin/../lib/gcc/arm-none-eabi/6.3.1/../../../../arm-none-eabi/lib/thumb/v7e-m\libg_nano.a(lib_a-mlock.o)
 .debug_frame   0x00000bd0       0x20 c:/program files (x86)/gnu tools arm embedded/6 2017-q2-update/bin/../lib/gcc/arm-none-eabi/6.3.1/../../../../arm-none-eabi/lib/thumb/v7e-m\libg_nano.a(lib_a-nano-msizer.o)

.debug_str      0x00000000    0x73241
 *(.debug_str)
 .debug_str     0x00000000    0x6fd2f ./system/src/stm32f4-hal/stm32f4xx_hal.o
                              0x70164 (size before relaxing)
 .debug_str     0x0006fd2f      0x3a4 ./system/src/stm32f4-hal/stm32f4xx_hal_cortex.o
                              0x6ffce (size before relaxing)
 .debug_str     0x000700d3      0x400 ./system/src/stm32f4-hal/stm32f4xx_hal_rcc.o
                              0x6fcdc (size before relaxing)
 .debug_str     0x000704d3     0x10ff ./system/src/newlib/_exit.o
                               0x754a (size before relaxing)
 .debug_str     0x000715d2      0x4f5 ./system/src/newlib/_sbrk.o
                               0x68fc (size before relaxing)
 .debug_str     0x00071ac7      0x2c6 ./system/src/newlib/_startup.o
                               0x6124 (size before relaxing)
 .debug_str     0x00071d8d      0xe28 ./system/src/newlib/_syscalls.o
                               0x7774 (size before relaxing)
 .debug_str     0x00072bb5       0xd0 ./system/src/newlib/assert.o
                               0x804f (size before relaxing)
 .debug_str     0x00072c85      0x169 ./system/src/diag/Trace.o
                               0x7d2c (size before relaxing)
 .debug_str     0x00072dee       0xe0 ./system/src/diag/trace_impl.o
                              0x70805 (size before relaxing)
 .debug_str     0x00072ece       0x5e ./system/src/cortexm/_initialize_hardware.o
                              0x6f7eb (size before relaxing)
 .debug_str     0x00072f2c      0x1e5 ./system/src/cortexm/exception_handlers.o
                              0x7094d (size before relaxing)
 .debug_str     0x00073111       0x46 ./system/src/cmsis/system_stm32f4xx.o
                              0x6f8cc (size before relaxing)
 .debug_str     0x00073157       0x59 ./system/src/cmsis/vectors_stm32f411xe.o
                               0x3105 (size before relaxing)
 .debug_str     0x000731b0       0x31 ./src/_initialize_hardware.o
                              0x6f9e2 (size before relaxing)
 .debug_str     0x000731e1       0x23 ./src/main.o
                              0x243f5 (size before relaxing)
 .debug_str     0x00073204       0x3d ./src/stm32f4xx_hal_msp.o
                              0x6f733 (size before relaxing)

.debug_loc      0x00000000     0x15e0
 *(.debug_loc)
 .debug_loc     0x00000000       0x92 ./system/src/stm32f4-hal/stm32f4xx_hal.o
 .debug_loc     0x00000092      0x73b ./system/src/stm32f4-hal/stm32f4xx_hal_cortex.o
 .debug_loc     0x000007cd      0x4cd ./system/src/stm32f4-hal/stm32f4xx_hal_rcc.o
 .debug_loc     0x00000c9a       0x85 ./system/src/newlib/_sbrk.o
 .debug_loc     0x00000d1f      0x2d3 ./system/src/newlib/_startup.o
 .debug_loc     0x00000ff2       0x63 ./system/src/newlib/_syscalls.o
 .debug_loc     0x00001055      0x134 ./system/src/newlib/assert.o
 .debug_loc     0x00001189       0xf6 ./system/src/diag/Trace.o
 .debug_loc     0x0000127f       0xc9 ./system/src/diag/trace_impl.o
 .debug_loc     0x00001348      0x15a ./system/src/cortexm/exception_handlers.o
 .debug_loc     0x000014a2      0x13e ./system/src/cmsis/system_stm32f4xx.o

.debug_macinfo
 *(.debug_macinfo)

.debug_weaknames
 *(.debug_weaknames)

.debug_funcnames
 *(.debug_funcnames)

.debug_typenames
 *(.debug_typenames)

.debug_varnames
 *(.debug_varnames)
OUTPUT(LedBlink.elf elf32-littlearm)

.debug_ranges   0x00000000      0x478
 .debug_ranges  0x00000000       0xb0 ./system/src/stm32f4-hal/stm32f4xx_hal.o
 .debug_ranges  0x000000b0       0xe8 ./system/src/stm32f4-hal/stm32f4xx_hal_cortex.o
 .debug_ranges  0x00000198       0x78 ./system/src/stm32f4-hal/stm32f4xx_hal_rcc.o
 .debug_ranges  0x00000210       0x18 ./system/src/newlib/_exit.o
 .debug_ranges  0x00000228       0x10 ./system/src/newlib/_sbrk.o
 .debug_ranges  0x00000238       0x90 ./system/src/newlib/_startup.o
 .debug_ranges  0x000002c8       0x20 ./system/src/newlib/_syscalls.o
 .debug_ranges  0x000002e8       0x18 ./system/src/newlib/assert.o
 .debug_ranges  0x00000300       0x28 ./system/src/diag/Trace.o
 .debug_ranges  0x00000328       0x48 ./system/src/diag/trace_impl.o
 .debug_ranges  0x00000370       0x18 ./system/src/cortexm/_initialize_hardware.o
 .debug_ranges  0x00000388       0x78 ./system/src/cortexm/exception_handlers.o
 .debug_ranges  0x00000400       0x18 ./system/src/cmsis/system_stm32f4xx.o
 .debug_ranges  0x00000418       0x10 ./system/src/cmsis/vectors_stm32f411xe.o
 .debug_ranges  0x00000428       0x18 ./src/_initialize_hardware.o
 .debug_ranges  0x00000440       0x10 ./src/main.o
 .debug_ranges  0x00000450       0x28 ./src/stm32f4xx_hal_msp.o

.debug_macro    0x00000000    0x14cfd
 .debug_macro   0x00000000      0x525 ./system/src/stm32f4-hal/stm32f4xx_hal.o
 .debug_macro   0x00000525      0x8c8 ./system/src/stm32f4-hal/stm32f4xx_hal.o
 .debug_macro   0x00000ded      0x289 ./system/src/stm32f4-hal/stm32f4xx_hal.o
 .debug_macro   0x00001076       0x31 ./system/src/stm32f4-hal/stm32f4xx_hal.o
 .debug_macro   0x000010a7       0x28 ./system/src/stm32f4-hal/stm32f4xx_hal.o
 .debug_macro   0x000010cf      0x34e ./system/src/stm32f4-hal/stm32f4xx_hal.o
 .debug_macro   0x0000141d       0x35 ./system/src/stm32f4-hal/stm32f4xx_hal.o
 .debug_macro   0x00001452       0x50 ./system/src/stm32f4-hal/stm32f4xx_hal.o
 .debug_macro   0x000014a2      0xe66 ./system/src/stm32f4-hal/stm32f4xx_hal.o
 .debug_macro   0x00002308     0x5102 ./system/src/stm32f4-hal/stm32f4xx_hal.o
 .debug_macro   0x0000740a       0x43 ./system/src/stm32f4-hal/stm32f4xx_hal.o
 .debug_macro   0x0000744d     0x347f ./system/src/stm32f4-hal/stm32f4xx_hal.o
 .debug_macro   0x0000a8cc       0x22 ./system/src/stm32f4-hal/stm32f4xx_hal.o
 .debug_macro   0x0000a8ee       0x52 ./system/src/stm32f4-hal/stm32f4xx_hal.o
 .debug_macro   0x0000a940       0x8d ./system/src/stm32f4-hal/stm32f4xx_hal.o
 .debug_macro   0x0000a9cd       0x35 ./system/src/stm32f4-hal/stm32f4xx_hal.o
 .debug_macro   0x0000aa02       0x9c ./system/src/stm32f4-hal/stm32f4xx_hal.o
 .debug_macro   0x0000aa9e       0x16 ./system/src/stm32f4-hal/stm32f4xx_hal.o
 .debug_macro   0x0000aab4       0x57 ./system/src/stm32f4-hal/stm32f4xx_hal.o
 .debug_macro   0x0000ab0b       0x97 ./system/src/stm32f4-hal/stm32f4xx_hal.o
 .debug_macro   0x0000aba2      0x330 ./system/src/stm32f4-hal/stm32f4xx_hal.o
 .debug_macro   0x0000aed2       0xfd ./system/src/stm32f4-hal/stm32f4xx_hal.o
 .debug_macro   0x0000afcf       0x10 ./system/src/stm32f4-hal/stm32f4xx_hal.o
 .debug_macro   0x0000afdf       0x58 ./system/src/stm32f4-hal/stm32f4xx_hal.o
 .debug_macro   0x0000b037       0x1f ./system/src/stm32f4-hal/stm32f4xx_hal.o
 .debug_macro   0x0000b056       0x43 ./system/src/stm32f4-hal/stm32f4xx_hal.o
 .debug_macro   0x0000b099       0x20 ./system/src/stm32f4-hal/stm32f4xx_hal.o
 .debug_macro   0x0000b0b9      0x187 ./system/src/stm32f4-hal/stm32f4xx_hal.o
 .debug_macro   0x0000b240       0x10 ./system/src/stm32f4-hal/stm32f4xx_hal.o
 .debug_macro   0x0000b250       0x6a ./system/src/stm32f4-hal/stm32f4xx_hal.o
 .debug_macro   0x0000b2ba       0x1c ./system/src/stm32f4-hal/stm32f4xx_hal.o
 .debug_macro   0x0000b2d6       0x52 ./system/src/stm32f4-hal/stm32f4xx_hal.o
 .debug_macro   0x0000b328       0x40 ./system/src/stm32f4-hal/stm32f4xx_hal.o
 .debug_macro   0x0000b368       0x10 ./system/src/stm32f4-hal/stm32f4xx_hal.o
 .debug_macro   0x0000b378       0x40 ./system/src/stm32f4-hal/stm32f4xx_hal.o
 .debug_macro   0x0000b3b8       0xd7 ./system/src/stm32f4-hal/stm32f4xx_hal.o
 .debug_macro   0x0000b48f       0x16 ./system/src/stm32f4-hal/stm32f4xx_hal.o
 .debug_macro   0x0000b4a5      0x18b ./system/src/stm32f4-hal/stm32f4xx_hal.o
 .debug_macro   0x0000b630       0x57 ./system/src/stm32f4-hal/stm32f4xx_hal.o
 .debug_macro   0x0000b687      0x45c ./system/src/stm32f4-hal/stm32f4xx_hal.o
 .debug_macro   0x0000bae3      0x9e1 ./system/src/stm32f4-hal/stm32f4xx_hal.o
 .debug_macro   0x0000c4c4      0x11e ./system/src/stm32f4-hal/stm32f4xx_hal.o
 .debug_macro   0x0000c5e2      0x11b ./system/src/stm32f4-hal/stm32f4xx_hal.o
 .debug_macro   0x0000c6fd       0x27 ./system/src/stm32f4-hal/stm32f4xx_hal.o
 .debug_macro   0x0000c724      0x287 ./system/src/stm32f4-hal/stm32f4xx_hal.o
 .debug_macro   0x0000c9ab       0x5f ./system/src/stm32f4-hal/stm32f4xx_hal.o
 .debug_macro   0x0000ca0a      0x23a ./system/src/stm32f4-hal/stm32f4xx_hal.o
 .debug_macro   0x0000cc44      0x391 ./system/src/stm32f4-hal/stm32f4xx_hal.o
 .debug_macro   0x0000cfd5      0x176 ./system/src/stm32f4-hal/stm32f4xx_hal.o
 .debug_macro   0x0000d14b       0xf9 ./system/src/stm32f4-hal/stm32f4xx_hal.o
 .debug_macro   0x0000d244       0x23 ./system/src/stm32f4-hal/stm32f4xx_hal.o
 .debug_macro   0x0000d267      0x13a ./system/src/stm32f4-hal/stm32f4xx_hal.o
 .debug_macro   0x0000d3a1      0x264 ./system/src/stm32f4-hal/stm32f4xx_hal.o
 .debug_macro   0x0000d605       0x2e ./system/src/stm32f4-hal/stm32f4xx_hal.o
 .debug_macro   0x0000d633      0x1a7 ./system/src/stm32f4-hal/stm32f4xx_hal.o
 .debug_macro   0x0000d7da       0x22 ./system/src/stm32f4-hal/stm32f4xx_hal.o
 .debug_macro   0x0000d7fc       0xa5 ./system/src/stm32f4-hal/stm32f4xx_hal.o
 .debug_macro   0x0000d8a1      0x18b ./system/src/stm32f4-hal/stm32f4xx_hal.o
 .debug_macro   0x0000da2c       0x24 ./system/src/stm32f4-hal/stm32f4xx_hal.o
 .debug_macro   0x0000da50       0x35 ./system/src/stm32f4-hal/stm32f4xx_hal.o
 .debug_macro   0x0000da85       0x79 ./system/src/stm32f4-hal/stm32f4xx_hal.o
 .debug_macro   0x0000dafe      0x11e ./system/src/stm32f4-hal/stm32f4xx_hal.o
 .debug_macro   0x0000dc1c       0x85 ./system/src/stm32f4-hal/stm32f4xx_hal.o
 .debug_macro   0x0000dca1       0x89 ./system/src/stm32f4-hal/stm32f4xx_hal.o
 .debug_macro   0x0000dd2a      0x31a ./system/src/stm32f4-hal/stm32f4xx_hal.o
 .debug_macro   0x0000e044      0x409 ./system/src/stm32f4-hal/stm32f4xx_hal.o
 .debug_macro   0x0000e44d       0xe4 ./system/src/stm32f4-hal/stm32f4xx_hal.o
 .debug_macro   0x0000e531      0x48d ./system/src/stm32f4-hal/stm32f4xx_hal.o
 .debug_macro   0x0000e9be      0x22b ./system/src/stm32f4-hal/stm32f4xx_hal.o
 .debug_macro   0x0000ebe9      0x202 ./system/src/stm32f4-hal/stm32f4xx_hal.o
 .debug_macro   0x0000edeb      0x6d9 ./system/src/stm32f4-hal/stm32f4xx_hal.o
 .debug_macro   0x0000f4c4       0x5b ./system/src/stm32f4-hal/stm32f4xx_hal.o
 .debug_macro   0x0000f51f      0x14d ./system/src/stm32f4-hal/stm32f4xx_hal.o
 .debug_macro   0x0000f66c      0x287 ./system/src/stm32f4-hal/stm32f4xx_hal.o
 .debug_macro   0x0000f8f3      0x225 ./system/src/stm32f4-hal/stm32f4xx_hal.o
 .debug_macro   0x0000fb18      0x1b5 ./system/src/stm32f4-hal/stm32f4xx_hal.o
 .debug_macro   0x0000fccd      0x2db ./system/src/stm32f4-hal/stm32f4xx_hal.o
 .debug_macro   0x0000ffa8       0x89 ./system/src/stm32f4-hal/stm32f4xx_hal.o
 .debug_macro   0x00010031      0x1df ./system/src/stm32f4-hal/stm32f4xx_hal.o
 .debug_macro   0x00010210      0x115 ./system/src/stm32f4-hal/stm32f4xx_hal.o
 .debug_macro   0x00010325       0x6e ./system/src/stm32f4-hal/stm32f4xx_hal.o
 .debug_macro   0x00010393      0x11e ./system/src/stm32f4-hal/stm32f4xx_hal.o
 .debug_macro   0x000104b1      0x4d7 ./system/src/stm32f4-hal/stm32f4xx_hal_cortex.o
 .debug_macro   0x00010988      0x501 ./system/src/stm32f4-hal/stm32f4xx_hal_rcc.o
 .debug_macro   0x00010e89      0x1a7 ./system/src/newlib/_exit.o
 .debug_macro   0x00011030      0x10e ./system/src/newlib/_exit.o
 .debug_macro   0x0001113e       0x8d ./system/src/newlib/_exit.o
 .debug_macro   0x000111cb       0x35 ./system/src/newlib/_exit.o
 .debug_macro   0x00011200      0x15c ./system/src/newlib/_sbrk.o
 .debug_macro   0x0001135c      0x174 ./system/src/newlib/_sbrk.o
 .debug_macro   0x000114d0       0x10 ./system/src/newlib/_sbrk.o
 .debug_macro   0x000114e0      0x23b ./system/src/newlib/_sbrk.o
 .debug_macro   0x0001171b      0x166 ./system/src/newlib/_startup.o
 .debug_macro   0x00011881      0x8ce ./system/src/newlib/_startup.o
 .debug_macro   0x0001214f      0x20a ./system/src/newlib/_syscalls.o
 .debug_macro   0x00012359       0x1c ./system/src/newlib/_syscalls.o
 .debug_macro   0x00012375       0x10 ./system/src/newlib/_syscalls.o
 .debug_macro   0x00012385       0x10 ./system/src/newlib/_syscalls.o
 .debug_macro   0x00012395       0x10 ./system/src/newlib/_syscalls.o
 .debug_macro   0x000123a5       0x35 ./system/src/newlib/_syscalls.o
 .debug_macro   0x000123da      0x122 ./system/src/newlib/_syscalls.o
 .debug_macro   0x000124fc       0x88 ./system/src/newlib/_syscalls.o
 .debug_macro   0x00012584       0x2b ./system/src/newlib/_syscalls.o
 .debug_macro   0x000125af      0x118 ./system/src/newlib/_syscalls.o
 .debug_macro   0x000126c7      0x159 ./system/src/newlib/_syscalls.o
 .debug_macro   0x00012820       0x16 ./system/src/newlib/_syscalls.o
 .debug_macro   0x00012836      0x1c3 ./system/src/newlib/assert.o
 .debug_macro   0x000129f9       0x1c ./system/src/newlib/assert.o
 .debug_macro   0x00012a15      0x1e4 ./system/src/diag/Trace.o
 .debug_macro   0x00012bf9       0x4c ./system/src/diag/Trace.o
 .debug_macro   0x00012c45       0x16 ./system/src/diag/Trace.o
 .debug_macro   0x00012c5b      0x512 ./system/src/diag/trace_impl.o
 .debug_macro   0x0001316d      0x4e1 ./system/src/cortexm/_initialize_hardware.o
 .debug_macro   0x0001364e      0x540 ./system/src/cortexm/exception_handlers.o
 .debug_macro   0x00013b8e       0x3b ./system/src/cortexm/exception_handlers.o
 .debug_macro   0x00013bc9       0x22 ./system/src/cortexm/exception_handlers.o
 .debug_macro   0x00013beb      0x4dd ./system/src/cmsis/system_stm32f4xx.o
 .debug_macro   0x000140c8       0x34 ./system/src/cmsis/vectors_stm32f411xe.o
 .debug_macro   0x000140fc      0x4d7 ./src/_initialize_hardware.o
 .debug_macro   0x000145d3      0x253 ./src/main.o
 .debug_macro   0x00014826      0x4d7 ./src/stm32f4xx_hal_msp.o
